STAR version=                 2.7.11b
STAR compilation time,server,dir= :/opt/mambaforge/envs/bioconda/conda-bld/star_1763121632674/work/source
##### Command Line:
/Applications/anaconda3/envs/bioaligners/bin/STAR --runThreadN 4 --genomeDir star_index/ --readFilesIn toy_1.fq toy_2.fq --outSAMtype BAM SortedByCoordinate --outFileNamePrefix dbg3_
##### Initial USER parameters from Command Line:
outFileNamePrefix                 dbg3_
###### All USER parameters from Command Line:
runThreadN                    4     ~RE-DEFINED
genomeDir                     star_index/     ~RE-DEFINED
readFilesIn                   toy_1.fq   toy_2.fq        ~RE-DEFINED
outSAMtype                    BAM   SortedByCoordinate        ~RE-DEFINED
outFileNamePrefix             dbg3_     ~RE-DEFINED
##### Finished reading parameters from all sources

##### Final user re-defined parameters-----------------:
runThreadN                        4
genomeDir                         star_index/
readFilesIn                       toy_1.fq   toy_2.fq   
outFileNamePrefix                 dbg3_
outSAMtype                        BAM   SortedByCoordinate   

-------------------------------
##### Final effective command line:
/Applications/anaconda3/envs/bioaligners/bin/STAR   --runThreadN 4   --genomeDir star_index/   --readFilesIn toy_1.fq   toy_2.fq      --outFileNamePrefix dbg3_   --outSAMtype BAM   SortedByCoordinate   
----------------------------------------

Number of fastq files for each mate = 1
ParametersSolo: --soloCellFilterType CellRanger2.2 filtering parameters:  3000 0.99 10
WARNING: --limitBAMsortRAM=0, will use genome size as RAM limit for BAM sorting
Finished loading and checking parameters
Reading genome generation parameters:
### /Applications/anaconda3/envs/bioaligners/bin/STAR   --runMode genomeGenerate      --runThreadN 4   --genomeDir /Users/zhangdiandian/RedBook/content/素材/014-star-alignment/star_index   --genomeFastaFiles /Users/zhangdiandian/RedBook/content/素材/014-star-alignment/reference.fa      --genomeSAindexNbases 5   --outFileNamePrefix /Users/zhangdiandian/RedBook/content/素材/014-star-alignment/star_index/genomeGenerate_   --sjdbGTFfile /Users/zhangdiandian/RedBook/content/素材/014-star-alignment/annotation.gtf   --sjdbOverhang 99
### GstrandBit=32
versionGenome                 2.7.4a     ~RE-DEFINED
genomeType                    Full     ~RE-DEFINED
genomeFastaFiles              /Users/zhangdiandian/RedBook/content/素材/014-star-alignment/reference.fa        ~RE-DEFINED
genomeSAindexNbases           5     ~RE-DEFINED
genomeChrBinNbits             18     ~RE-DEFINED
genomeSAsparseD               1     ~RE-DEFINED
genomeTransformType           None     ~RE-DEFINED
genomeTransformVCF            -     ~RE-DEFINED
sjdbOverhang                  99     ~RE-DEFINED
sjdbFileChrStartEnd           -        ~RE-DEFINED
sjdbGTFfile                   /Users/zhangdiandian/RedBook/content/素材/014-star-alignment/annotation.gtf     ~RE-DEFINED
sjdbGTFchrPrefix              -     ~RE-DEFINED
sjdbGTFfeatureExon            exon     ~RE-DEFINED
sjdbGTFtagExonParentTranscripttranscript_id     ~RE-DEFINED
sjdbGTFtagExonParentGene      gene_id     ~RE-DEFINED
sjdbInsertSave                Basic     ~RE-DEFINED
genomeFileSizes               1048775   108887        ~RE-DEFINED
Genome version is compatible with current STAR
Number of real (reference) chromosomes= 4
1	chr1	4000	0
2	chr2	3000	262144
3	chr3	3000	524288
4	chr4	3000	786432
--sjdbOverhang = 99 taken from the generated genome
Started loading the genome: Thu Aug 27 18:38:35 2026

Genome: size given as a parameter = 1048775
SA: size given as a parameter = 108887
SAindex: size given as a parameter = 1
Read from SAindex: pGe.gSAindexNbases=5  nSAi=1364
nGenome=1048775;  nSAbyte=108887
GstrandBit=32   SA number of indices=26396
Shared memory is not used for genomes. Allocated a private copy of the genome.
Genome file size: 1048775 bytes; state: good=1 eof=0 fail=0 bad=0
Loading Genome ... done! state: good=1 eof=0 fail=0 bad=0; loaded 1048775 bytes
SA file size: 108887 bytes; state: good=1 eof=0 fail=0 bad=0
Loading SA ... done! state: good=1 eof=0 fail=0 bad=0; loaded 108887 bytes
Loading SAindex ... done: 6027 bytes
Finished loading the genome: Thu Aug 27 18:38:35 2026

Processing splice junctions database sjdbN=1,   pGe.sjdbOverhang=99 
alignIntronMax=alignMatesGapMax=0, the max intron size will be approximately determined by (2^winBinNbits)*winAnchorDistNbins=589824
Created thread # 1
Created thread # 2
Created thread # 3
Thread #1 end of input stream, nextChar=-1
Completed: thread #1
Completed: thread #0
Completed: thread #2
Completed: thread #3
Joined thread # 1
Joined thread # 2
Joined thread # 3
Aug 27 18:38:35 ..... finished mapping
RAM after mapping:

RAM after freeing genome index memory:

Aug 27 18:38:35 ..... started sorting BAM
Max memory needed for sorting = 0
WARNING: nothing to sort - no output alignments
ALL DONE!
