1 keep constant 0.0
2 trim other 0.6667
3 trim other 0.8333
4 trim other 0.8333
5 trim other 0.8333
6 trim other 0.8333
7 trim other 0.8333
8 trim other 0.8333
9 trim other 0.8333
10 trim other 0.8333
11 trim other 0.8333
12 trim other 0.8333
13 trim other 0.8333
14 trim other 0.8333
15 trim other 0.8333
16 trim other 0.8333
17 trim other 0.8333
18 trim other 0.8333
19 trim other 0.8333
20 trim other 0.8333
21 trim other 0.8333
22 trim other 0.8333
23 trim other 0.8333
24 trim other 0.8333
25 trim other 0.8333
26 trim other 0.8333
27 trim other 0.8333
28 trim other 0.8333
29 trim other 0.8333
30 trim other 0.8333
31 trim other 0.8333
32 trim other 0.8333
33 trim other 0.8333
34 trim other 0.8333
35 trim other 0.8333
36 trim other 0.8333
37 trim other 0.8333
38 trim other 0.8333
39 trim other 0.8333
40 trim other 0.8333
41 trim other 0.6667
42 trim singleton 0.5
43 trim other 0.5
44 trim other 0.5
45 trim singleton 0.5
46 trim other 0.3333
47 trim singleton 0.3333
48 trim singleton 0.0
49 trim singleton 0.0
50 trim singleton 0.0
51 trim singleton 0.0
52 keep parsimony-informative 0.0
53 keep parsimony-informative 0.0
54 keep parsimony-informative 0.0
55 trim singleton 0.0
56 trim other 0.6667
57 trim other 0.8333
58 trim other 0.8333
59 trim other 0.8333
60 trim other 0.8333
61 trim other 0.8333
62 trim other 0.8333
63 trim other 0.8333
64 trim other 0.8333
65 trim other 0.8333
66 trim other 0.8333
67 keep parsimony-informative 0.0
68 keep parsimony-informative 0.0
69 keep parsimony-informative 0.0
70 keep parsimony-informative 0.0
71 keep parsimony-informative 0.0
72 trim singleton 0.0
73 trim singleton 0.0
74 trim other 0.8333
75 trim other 0.8333
76 trim other 0.8333
77 trim singleton 0.0
78 keep parsimony-informative 0.0
79 trim singleton 0.0
80 keep parsimony-informative 0.0
81 keep parsimony-informative 0.0
82 trim other 0.8333
83 trim other 0.8333
84 keep parsimony-informative 0.0
85 keep parsimony-informative 0.0
86 trim singleton 0.0
87 keep constant 0.0
88 trim singleton 0.0
89 keep constant 0.0
90 keep parsimony-informative 0.0
91 trim singleton 0.0
92 keep parsimony-informative 0.0
93 keep parsimony-informative 0.0
94 keep parsimony-informative 0.0
95 keep parsimony-informative 0.0
96 trim singleton 0.0
97 keep parsimony-informative 0.0
98 keep constant 0.0
99 keep parsimony-informative 0.0
100 trim singleton 0.0
101 trim singleton 0.0
102 keep constant 0.0
103 keep constant 0.0
104 keep parsimony-informative 0.0
105 trim other 0.6667
106 trim other 0.8333
107 trim other 0.8333
108 trim other 0.6667
109 trim other 0.6667
110 keep parsimony-informative 0.0
111 trim singleton 0.0
112 trim singleton 0.0
113 keep constant 0.0
114 trim singleton 0.0
115 keep constant 0.0
116 keep constant 0.0
117 trim singleton 0.0
118 keep parsimony-informative 0.0
119 keep constant 0.0
120 keep constant 0.0
121 keep parsimony-informative 0.0
122 trim singleton 0.0
123 keep parsimony-informative 0.0
124 keep parsimony-informative 0.0
125 keep constant 0.0
126 trim singleton 0.0
127 keep parsimony-informative 0.0
128 keep constant 0.0
129 keep parsimony-informative 0.0
130 keep constant 0.0
131 keep constant 0.0
132 trim singleton 0.1667
133 trim singleton 0.1667
134 trim other 0.8333
135 trim other 0.8333
136 keep parsimony-informative 0.0
137 trim singleton 0.5
138 keep constant 0.5
139 keep parsimony-informative 0.0
140 trim singleton 0.0
141 keep parsimony-informative 0.0
142 keep constant 0.0
143 keep parsimony-informative 0.0
144 keep parsimony-informative 0.0
145 trim other 0.8333
146 keep constant 0.0
147 trim singleton 0.0
148 trim singleton 0.0
149 trim singleton 0.0
150 keep parsimony-informative 0.0
151 trim singleton 0.0
152 trim singleton 0.0
153 trim singleton 0.0
154 trim other 0.8333
155 keep constant 0.0
156 keep parsimony-informative 0.0
157 trim singleton 0.0
158 trim singleton 0.0
159 trim singleton 0.0
160 keep parsimony-informative 0.0
161 trim singleton 0.0
162 trim singleton 0.0
163 keep parsimony-informative 0.0
164 trim singleton 0.0
165 trim singleton 0.0
166 trim singleton 0.0
167 keep parsimony-informative 0.0
168 trim singleton 0.0
169 keep parsimony-informative 0.0
170 trim singleton 0.1667
171 trim singleton 0.0
172 trim singleton 0.0
173 keep parsimony-informative 0.0
174 trim singleton 0.0
175 trim singleton 0.0
176 trim singleton 0.0
177 trim singleton 0.0
178 keep parsimony-informative 0.0
179 keep constant 0.0
180 keep constant 0.0
181 keep constant 0.0
182 trim singleton 0.0
183 trim singleton 0.0
184 keep parsimony-informative 0.0
185 trim singleton 0.0
186 keep constant 0.0
187 keep parsimony-informative 0.0
188 trim singleton 0.0
189 trim singleton 0.0
190 trim singleton 0.0
191 trim singleton 0.0
192 trim singleton 0.0
193 keep parsimony-informative 0.0
194 trim singleton 0.0
195 keep parsimony-informative 0.0
196 trim singleton 0.0
197 keep parsimony-informative 0.0
198 keep parsimony-informative 0.0
199 keep parsimony-informative 0.0
200 keep parsimony-informative 0.0
201 keep constant 0.0
202 keep constant 0.0
203 trim singleton 0.0
204 trim singleton 0.0
205 keep parsimony-informative 0.0
206 trim singleton 0.0
207 trim other 0.5
208 trim singleton 0.5
209 keep parsimony-informative 0.0
210 trim singleton 0.0
211 trim singleton 0.0
212 trim singleton 0.0
213 trim singleton 0.0
214 trim singleton 0.0
215 trim singleton 0.0
216 trim singleton 0.0
217 keep parsimony-informative 0.0
218 keep constant 0.0
219 keep constant 0.0
220 keep constant 0.0
221 trim singleton 0.0
222 keep parsimony-informative 0.0
223 trim singleton 0.0
224 trim singleton 0.0
225 keep parsimony-informative 0.0
226 trim singleton 0.0
227 trim singleton 0.3333
228 trim singleton 0.0
229 keep parsimony-informative 0.0
230 keep parsimony-informative 0.0
231 trim singleton 0.0
232 keep parsimony-informative 0.0
233 keep constant 0.0
234 trim singleton 0.0
235 keep parsimony-informative 0.0
236 trim singleton 0.0
237 trim singleton 0.0
238 trim singleton 0.0
239 trim singleton 0.0
240 trim singleton 0.0
241 keep parsimony-informative 0.0
242 keep parsimony-informative 0.0
243 trim singleton 0.0
244 trim singleton 0.0
245 trim singleton 0.1667
246 keep constant 0.0
247 keep parsimony-informative 0.0
248 keep parsimony-informative 0.0
249 trim singleton 0.0
250 trim other 0.6667
251 trim other 0.8333
252 keep parsimony-informative 0.1667
253 keep parsimony-informative 0.1667
254 trim singleton 0.1667
255 keep parsimony-informative 0.1667
256 trim singleton 0.1667
257 trim singleton 0.1667
258 trim singleton 0.1667
259 trim singleton 0.1667
260 keep constant 0.1667
261 keep parsimony-informative 0.0
262 keep constant 0.0
263 keep parsimony-informative 0.0
264 trim singleton 0.0
265 trim singleton 0.1667
266 trim singleton 0.3333
267 trim singleton 0.0
268 trim singleton 0.0
269 trim singleton 0.0
270 trim singleton 0.0
271 keep parsimony-informative 0.0
272 trim singleton 0.0
273 keep constant 0.0
274 trim singleton 0.0
275 trim singleton 0.0
276 keep constant 0.0
277 keep constant 0.0
278 keep constant 0.0
279 trim singleton 0.0
280 keep constant 0.0
281 keep parsimony-informative 0.0
282 trim singleton 0.0
283 trim singleton 0.0
284 keep constant 0.6667
285 trim other 0.8333
286 trim other 0.6667
287 trim singleton 0.0
288 keep constant 0.0
289 trim other 0.6667
290 keep constant 0.6667
291 keep parsimony-informative 0.0
292 trim singleton 0.0
293 trim singleton 0.0
294 keep constant 0.0
295 keep parsimony-informative 0.0
296 trim singleton 0.0
297 keep constant 0.0
298 keep parsimony-informative 0.0
299 trim singleton 0.0
300 trim singleton 0.0
301 trim other 0.5
302 trim other 0.8333
303 trim singleton 0.0
304 keep constant 0.0
305 trim singleton 0.0
306 keep parsimony-informative 0.0
307 trim singleton 0.1667
308 trim singleton 0.0
309 keep parsimony-informative 0.0
310 keep constant 0.0
311 trim singleton 0.0
312 trim singleton 0.0
313 trim singleton 0.0
314 keep parsimony-informative 0.0
315 keep parsimony-informative 0.0
316 keep constant 0.0
317 trim singleton 0.0
318 trim singleton 0.0
319 trim singleton 0.0
320 keep parsimony-informative 0.0
321 trim singleton 0.0
322 keep constant 0.0
323 trim singleton 0.0
324 trim singleton 0.0
325 trim singleton 0.0
326 keep parsimony-informative 0.0
327 trim singleton 0.0
328 keep parsimony-informative 0.0
329 trim singleton 0.0
330 trim singleton 0.1667
331 trim other 0.8333
332 trim other 0.8333
333 trim other 0.8333
334 trim other 0.8333
335 trim other 0.8333
336 trim other 0.8333
337 trim other 0.8333
338 trim other 0.8333
339 trim other 0.8333
340 trim other 0.8333
341 trim other 0.8333
342 trim other 0.8333
343 trim other 0.8333
344 trim other 0.8333
345 trim other 0.8333
346 trim other 0.8333
347 trim other 0.8333
348 trim singleton 0.3333
