=== gatk version ===
The Genome Analysis Toolkit (GATK) v4.6.2.0
HTSJDK Version: 4.2.0
Picard Version: 3.4.0
java:
openjdk version "17.0.18-internal" 2026-01-20
OpenJDK Runtime Environment (build 17.0.18-internal+0-adhoc.rattler.src)
=== CreateSequenceDictionary ===
[Thu Sep 03 18:48:25 CST 2026] Executing as root@DESKTOP-N94BLO7 on Linux 6.18.33.2-microsoft-standard-WSL2 amd64; OpenJDK 64-Bit Server VM 17.0.18-internal+0-adhoc.rattler.src; Deflater: Intel; Inflater: Intel; Provider GCS is available; Picard version: Version:4.6.2.0
[Thu Sep 03 18:48:25 CST 2026] picard.sam.CreateSequenceDictionary done. Elapsed time: 0.74 minutes.
Runtime.totalMemory()=104857600
Tool returned:
0
-rwxrwxrwx 1 devah devah 711 Sep  3 18:48 /mnt/d/1.WorkDir/RedBook/content/素材/variant-calling/022-gatk-variant-calling/reference.dict
=== add read group (GATK 需要 @RG) ===
@PG	ID:samtools.1	PN:samtools	PP:samtools	VN:1.22.1	CL:samtools addreplacerg -r @RG\tID:rg1\tSM:sample1\tPL:ILLUMINA\tLB:lib1 -o /mnt/d/1.WorkDir/RedBook/content/素材/variant-calling/022-gatk-variant-calling/aligned_rg.bam /mnt/d/1.WorkDir/RedBook/content/素材/variant-calling/022-gatk-variant-calling/aligned_e2e.bam
=== HaplotypeCaller 标准模式 ===
18:49:18.451 INFO  ProgressMeter -         contig4:1882              0.0                    43           6231.9
18:49:18.451 INFO  ProgressMeter - Traversal complete. Processed 43 total regions in 0.0 minutes.
18:49:18.462 INFO  VectorLoglessPairHMM - Time spent in setup for JNI call : 4.00099E-4
18:49:18.462 INFO  PairHMM - Total compute time in PairHMM computeLogLikelihoods() : 0.001564452
18:49:18.462 INFO  SmithWatermanAligner - Total compute time in native Smith-Waterman : 0.01 sec
18:49:18.462 INFO  HaplotypeCaller - Shutting down engine
[September 3, 2026 at 6:49:18 PM CST] org.broadinstitute.hellbender.tools.walkers.haplotypecaller.HaplotypeCaller done. Elapsed time: 0.87 minutes.
Runtime.totalMemory()=113246208
-rwxrwxrwx 1 devah devah 3948 Sep  3 18:49 /mnt/d/1.WorkDir/RedBook/content/素材/variant-calling/022-gatk-variant-calling/raw.vcf.gz
[E::main_vcfindex] the index file exists. Please use '-f' to overwrite /mnt/d/1.WorkDir/RedBook/content/素材/variant-calling/022-gatk-variant-calling/raw.vcf.gz.tbi
=== HaplotypeCaller -ERC GVCF 模式 ===
18:50:04.479 INFO  ProgressMeter -         contig4:1882              0.0                    43           4188.3
18:50:04.479 INFO  ProgressMeter - Traversal complete. Processed 43 total regions in 0.0 minutes.
18:50:04.495 INFO  VectorLoglessPairHMM - Time spent in setup for JNI call : 3.23077E-4
18:50:04.495 INFO  PairHMM - Total compute time in PairHMM computeLogLikelihoods() : 0.001437965
18:50:04.495 INFO  SmithWatermanAligner - Total compute time in native Smith-Waterman : 0.01 sec
18:50:04.496 INFO  HaplotypeCaller - Shutting down engine
[September 3, 2026 at 6:50:04 PM CST] org.broadinstitute.hellbender.tools.walkers.haplotypecaller.HaplotypeCaller done. Elapsed time: 0.75 minutes.
Runtime.totalMemory()=320864256
-rwxrwxrwx 1 devah devah 42219 Sep  3 18:50 /mnt/d/1.WorkDir/RedBook/content/素材/variant-calling/022-gatk-variant-calling/raw.g.vcf.gz
[E::main_vcfindex] the index file exists. Please use '-f' to overwrite /mnt/d/1.WorkDir/RedBook/content/素材/variant-calling/022-gatk-variant-calling/raw.g.vcf.gz.tbi
=== bcftools stats: 标准模式 ===
SN	0	number of samples:	1
SN	0	number of records:	0
SN	0	number of no-ALTs:	0
SN	0	number of SNPs:	0
SN	0	number of MNPs:	0
SN	0	number of indels:	0
SN	0	number of others:	0
SN	0	number of multiallelic sites:	0
SN	0	number of multiallelic SNP sites:	0
TSTV	0	0	0	0.00	0	0	0.00
SiS	0	1	0	0	0	0	0	0	0
=== bcftools stats: GVCF 模式 ===
SN	0	number of samples:	1
SN	0	number of records:	2946
SN	0	number of no-ALTs:	2946
SN	0	number of SNPs:	0
SN	0	number of MNPs:	0
SN	0	number of indels:	0
SN	0	number of others:	0
SN	0	number of multiallelic sites:	0
SN	0	number of multiallelic SNP sites:	0
TSTV	0	0	0	0.00	0	0	0.00
=== NON_REF 检查（GVCF 符号等位）===
contig1	1	.	A	<NON_REF>	.	.	END=2	GT:DP:GQ:MIN_DP:PL	0/0:0:0:0:0,0,0
=== done Thu Sep  3 10:50:04 UTC 2026 ===
