=== start Thu Sep  3 09:25:24 UTC 2026 ===
Channels:
 - bioconda
 - conda-forge
Platform: linux-64
Collecting package metadata (repodata.json): ...working... done
Solving environment: ...working... done

## Package Plan ##

  environment location: /opt/miniconda3/envs/bio-gatk

  added / updated specs:
    - gatk4
    - openjdk=17


The following packages will be downloaded:

    package                    |            build
    ---------------------------|-----------------
    gatk4-4.6.2.0              |  py310hdfd78af_1       374.0 MB  bioconda
    openjdk-17.0.18            |      h1602c4f_18       166.1 MB  conda-forge
    pthread-stubs-0.4          |    h7cc23a3_1004           9 KB  conda-forge
    python-3.10.21             |h267e890_0_cpython        24.2 MB  conda-forge
    ------------------------------------------------------------
                                           Total:       564.3 MB

The following NEW packages will be INSTALLED:

  _openmp_mutex      conda-forge/linux-64::_openmp_mutex-4.5-20_gnu 
  alsa-lib           conda-forge/linux-64::alsa-lib-1.2.16.1-h7cc23a3_1 
  bzip2              conda-forge/linux-64::bzip2-1.0.8-hda65f42_10 
  ca-certificates    conda-forge/noarch::ca-certificates-2026.7.22-hbd8a1cb_0 
  cairo              conda-forge/linux-64::cairo-1.18.4-h3c89d7e_3 
  font-ttf-dejavu-s~ conda-forge/noarch::font-ttf-dejavu-sans-mono-2.37-hab24e00_0 
  font-ttf-inconsol~ conda-forge/noarch::font-ttf-inconsolata-3.000-h77eed37_0 
  font-ttf-source-c~ conda-forge/noarch::font-ttf-source-code-pro-2.038-h77eed37_0 
  font-ttf-ubuntu    conda-forge/noarch::font-ttf-ubuntu-0.83-h77eed37_3 
  fontconfig         conda-forge/linux-64::fontconfig-2.18.3-h4db4eae_1 
  fonts-conda-ecosy~ conda-forge/noarch::fonts-conda-ecosystem-1-0 
  fonts-conda-forge  conda-forge/noarch::fonts-conda-forge-1-hc364b38_1 
  gatk4              bioconda/noarch::gatk4-4.6.2.0-py310hdfd78af_1 
  giflib             conda-forge/linux-64::giflib-6.1.3-h280c20c_1 
  graphite2          conda-forge/linux-64::graphite2-1.3.15-h54a6638_1 
  icu                conda-forge/linux-64::icu-78.3-py310h44b86e0_2 
  keyutils           conda-forge/linux-64::keyutils-1.6.3-h7cc23a3_1 
  krb5               conda-forge/linux-64::krb5-1.22.2-hbc21106_2 
  lcms2              conda-forge/linux-64::lcms2-2.19.1-h9073bf1_2 
  ld_impl_linux-64   conda-forge/linux-64::ld_impl_linux-64-2.46.1-default_hbd61a6d_102 
  lerc               conda-forge/linux-64::lerc-4.2.0-hdb68285_0 
  libcups            conda-forge/linux-64::libcups-2.3.3-h7a8fb5f_6 
  libdeflate         conda-forge/linux-64::libdeflate-1.25-hd45a770_1 
  libedit            conda-forge/linux-64::libedit-3.1.20250104-pl5321h373387f_1 
  libexpat           conda-forge/linux-64::libexpat-2.8.1-hecca717_1 
  libffi             conda-forge/linux-64::libffi-3.7.0-h81df57d_1 
  libfreetype        conda-forge/linux-64::libfreetype-2.14.3-ha770c72_2 
  libfreetype6       conda-forge/linux-64::libfreetype6-2.14.3-h5e6c136_2 
  libgcc             conda-forge/linux-64::libgcc-16.2.0-ha9f2e26_4 
  libglib            conda-forge/linux-64::libglib-2.88.3-he503a2a_2 
  libgomp            conda-forge/linux-64::libgomp-16.2.0-he0feb66_4 
  libharfbuzz        conda-forge/linux-64::libharfbuzz-14.4.0-h23af247_0 
  libiconv           conda-forge/linux-64::libiconv-1.18-h0cb94f2_3 
  libjpeg-turbo      conda-forge/linux-64::libjpeg-turbo-3.2.0-hb03c661_1 
  liblzma            conda-forge/linux-64::liblzma-5.8.3-hb03c661_1 
  libnsl             conda-forge/linux-64::libnsl-2.0.1-hb9d3cd8_1 
  libpng             conda-forge/linux-64::libpng-1.6.58-h922cc85_1 
  libsqlite          conda-forge/linux-64::libsqlite-3.53.4-h13e7031_1 
  libstdcxx          conda-forge/linux-64::libstdcxx-16.2.0-h934c35e_4 
  libtiff            conda-forge/linux-64::libtiff-4.7.2-hcc2c06a_1 
  libuuid            conda-forge/linux-64::libuuid-2.42.3-hcfc3c73_0 
  libwebp-base       conda-forge/linux-64::libwebp-base-1.6.0-hd42ef1d_1 
  libxcb             conda-forge/linux-64::libxcb-1.17.0-hb83e432_2 
  libxcrypt          conda-forge/linux-64::libxcrypt-4.4.38-h280c20c_0 
  libzlib            conda-forge/linux-64::libzlib-1.3.2-h25fd6f3_3 
  ncurses            conda-forge/linux-64::ncurses-6.6-hdb14827_1 
  openjdk            conda-forge/linux-64::openjdk-17.0.18-h1602c4f_18 
  openssl            conda-forge/linux-64::openssl-3.6.4-h781a0a9_0 
  packaging          conda-forge/noarch::packaging-26.3-pyhc364b38_0 
  pcre2              conda-forge/linux-64::pcre2-10.47-h8b3dc9c_1 
  pip                conda-forge/noarch::pip-26.2.1-pyh8b19718_0 
  pixman             conda-forge/linux-64::pixman-0.46.4-h54a6638_3 
  pthread-stubs      conda-forge/linux-64::pthread-stubs-0.4-h7cc23a3_1004 
  python             conda-forge/linux-64::python-3.10.21-h267e890_0_cpython 
  readline           conda-forge/linux-64::readline-8.3-hd6e31c0_1 
  setuptools         conda-forge/noarch::setuptools-84.0.0-pyh332efcf_0 
  tk                 conda-forge/linux-64::tk-8.6.13-noxft_h1df4ec4_4 
  tzdata             conda-forge/noarch::tzdata-2026c-h151e31d_0 
  wheel              conda-forge/noarch::wheel-0.48.0-pyhd8ed1ab_0 
  xorg-libice        conda-forge/linux-64::xorg-libice-1.1.2-h280c20c_0 
  xorg-libsm         conda-forge/linux-64::xorg-libsm-1.2.6-h0d788c3_1 
  xorg-libx11        conda-forge/linux-64::xorg-libx11-1.8.13-he1eb515_1 
  xorg-libxau        conda-forge/linux-64::xorg-libxau-1.0.12-hb03c661_2 
  xorg-libxdmcp      conda-forge/linux-64::xorg-libxdmcp-1.1.5-hb03c661_2 
  xorg-libxext       conda-forge/linux-64::xorg-libxext-1.3.7-h7cc23a3_1 
  xorg-libxfixes     conda-forge/linux-64::xorg-libxfixes-6.0.2-h7cc23a3_1 
  xorg-libxi         conda-forge/linux-64::xorg-libxi-1.8.3-h7cc23a3_1 
  xorg-libxrandr     conda-forge/linux-64::xorg-libxrandr-1.5.5-h7cc23a3_1 
  xorg-libxrender    conda-forge/linux-64::xorg-libxrender-0.9.12-hb03c661_1 
  xorg-libxt         conda-forge/linux-64::xorg-libxt-1.3.1-h7cc23a3_1 
  xorg-libxtst       conda-forge/linux-64::xorg-libxtst-1.2.5-h7cc23a3_4 
  zstd               conda-forge/linux-64::zstd-1.5.7-hb78ec9c_7 



Downloading and Extracting Packages: ...working... done
Preparing transaction: ...working... done
Verifying transaction: ...working... done
Executing transaction: ...working... done
WARNING conda.conda_pypi.main:notify_externally_managed_future(156): 
  Did you know? You can install many PyPI packages with conda
  using the conda-pypi beta. Get started:
    https://docs.conda.io/projects/conda/en/stable/new-features.html

#
# To activate this environment, use
#
#     $ conda activate bio-gatk
#
# To deactivate an active environment, use
#
#     $ conda deactivate

=== create exit: 0 ===
JAVA:
openjdk version "17.0.18-internal" 2026-01-20
OpenJDK Runtime Environment (build 17.0.18-internal+0-adhoc.rattler.src)
GATK:
The Genome Analysis Toolkit (GATK) v4.6.2.0
HTSJDK Version: 4.2.0
Picard Version: 3.4.0
=== done Thu Sep  3 09:41:38 UTC 2026 ===
