-----------------------------
Executing in AVX mode!!
-----------------------------
* SA compression enabled with xfactor: 8
* Ref file: /Users/zhangdiandian/RedBook/content/素材/012-bwa-alignment/reference.fa
* Entering FMI_search
* Index file found. Loading index from /Users/zhangdiandian/RedBook/content/素材/012-bwa-alignment/reference.fa.bwt.2bit.64
* Reference seq len for bi-index = 24001
* sentinel-index: 7384
* Count:
0,	1
1,	6076
2,	12001
3,	17926
4,	24001

* Reading other elements of the index from files /Users/zhangdiandian/RedBook/content/素材/012-bwa-alignment/reference.fa
* Index prefix: /Users/zhangdiandian/RedBook/content/素材/012-bwa-alignment/reference.fa
* Read 0 ALT contigs
* Done reading Index!!
* Reading reference genome..
* Binary seq file = /Users/zhangdiandian/RedBook/content/素材/012-bwa-alignment/reference.fa.0123
* Reference genome size: 24000 bp
* Done reading reference genome !!

------------------------------------------
1. Memory pre-allocation for Chaining: 1393.3971 MB
2. Memory pre-allocation for BSW: 1916.9362 MB
3. Memory pre-allocation for BWT: 618.5134 MB
------------------------------------------
* Threads used (compute): 8
* No. of pipeline threads: 2

[0000] read_chunk: 100000000, work_chunk_size: 600000, nseq: 6000
	[0000][ M::kt_pipeline] read 6000 sequences (600000 bp)...
[0000] Calling mem_process_seqs.., task: 0
[0000] read_chunk: 100000000, work_chunk_size: 0, nseq: 0
[0000] 1. Calling kt_for - worker_bwt
[0000] 2. Calling kt_for - worker_aln
[0000] Inferring insert size distribution of PE reads from data, l_pac: 12000, n: 6000
[0000][PE] # candidate unique pairs for (FF, FR, RF, RR): (0, 2999, 0, 0)
[0000][PE] skip orientation FF as there are not enough pairs
[0000][PE] analyzing insert size distribution for orientation FR...
[0000][PE] (25, 50, 75) percentile: (464, 498, 533)
[0000][PE] low and high boundaries for computing mean and std.dev: (326, 671)
[0000][PE] mean and std.dev: (498.45, 50.06)
[0000][PE] low and high boundaries for proper pairs: (257, 740)
[0000][PE] skip orientation RF as there are not enough pairs
[0000][PE] skip orientation RR as there are not enough pairs
[0000] 3. Calling kt_for - worker_sam
	[0000][ M::mem_process_seqs] Processed 6000 reads in 0.119 CPU sec, 0.027 real sec
[0000] read_chunk: 100000000, work_chunk_size: 0, nseq: 0
[0000] Computation ends..
No. of OMP threads: 8
Processor is running @24.120398 MHz
Runtime profile:

	Time taken for main_mem function: 0.04 sec

	IO times (sec) :
	Reading IO time (reads) avg: 0.00, (0.00, 0.00)
	Writing IO time (SAM) avg: 0.00, (0.00, 0.00)
	Reading IO time (Reference Genome) avg: 0.00, (0.00, 0.00)
	Index read time avg: 0.00, (0.00, 0.00)

	Overall time (sec) (Excluding Index reading time):
	PROCESS() (Total compute time + (read + SAM) IO time) : 0.04
	MEM_PROCESS_SEQ() (Total compute time (Kernel + SAM)), avg: 0.03, (0.03, 0.03)

	 SAM Processing time (sec):
	--WORKER_SAM avg: 0.00, (0.00, 0.00)

	Kernels' compute time (sec):
	Total kernel (smem+sal+bsw) time avg: 0.02, (0.02, 0.02)
		SMEM compute avg: 0.00, (0.01, 0.00)
		SAL compute avg: 0.00, (0.00, 0.00)
				MEM_SA avg: 0.00, (0.00, 0.00)

		BSW time, avg: 0.01, (0.01, 0.01)

Important parameter settings: 
	BATCH_SIZE: 512
	MAX_SEQ_LEN_REF: 256
	MAX_SEQ_LEN_QER: 128
	MAX_SEQ_LEN8: 128
	SEEDS_PER_READ: 500
	SIMD_WIDTH8 X: 16
	SIMD_WIDTH16 X: 8
	AVG_SEEDS_PER_READ: 64
