
========================================================================
1. 读取 single / parse / list
========================================================================
AlignIO.read(clustal) -> 4 条序列, 21 列
序列 ID / 长度：
  seq1: 21 bp
  seq2: 21 bp
  seq3: 21 bp
  seq4: 21 bp
list(AlignIO.parse) -> 1 个比对

========================================================================
2. 写出 single / multiple / handle
========================================================================
写出 out.fasta / out.phy / out_handle.clustal

========================================================================
3. 格式转换 AlignIO.convert + molecule_type
========================================================================
convert: clustal -> stockholm / nexus(带 molecule_type)

========================================================================
4. 访问与切片
========================================================================
迭代序列：
  seq1: ATGGCTAGCTAG-ACGTACGT
  seq2: ATGGCT-GCTAG-ACGTACGT
  seq3: ATGGCTAGCTAGAACGTACGT
  seq4: ATGGCTAGCTAG-ACGT-CGT
索引 aln[0].id = seq1; aln[-1].id = seq4
列切片 aln[:,5:15] -> 10 列
单列 aln[:,5] -> TTTT

========================================================================
5. 程序化构建比对
========================================================================
手工构建 -> 3 条, 12 列

========================================================================
6. PHYLIP 严格 10 字符截断行为（Bio 1.88 实测）
========================================================================
截断(不冲突)读回 ID: ['Homo_sapie', 'Mus_muscul']  (长名被截到 10 字符)
冲突情况 Bio 1.88 直接抛错（非静默合并）: Repeated name 'Homo_sapie' (originally 'Homo_sapiens_chr2'), possibly due to truncation

========================================================================
7. phylip-relaxed 保留长名
========================================================================
phylip-relaxed 读回 ID: ['Homo_sapiens_chr1', 'Homo_sapiens_chr2']  (长名保留)

========================================================================
8. Stockholm 注释保留 vs 转 FASTA 静默丢弃
========================================================================
Stockholm 读回注释：
  GS (record.annotations): {'seq1': {'accession': 'seq1', 'organism': 'Homo sapiens'}, 'seq2': {'accession': 'seq2'}, 'seq3': {'accession': 'seq3'}}
  GR (letter_annotations SS): {'seq1': '.HHH...', 'seq2': None, 'seq3': None}
  GC (column_annotations SS_cons): ..HHH..
Stockholm -> FASTA -> 读回：
  GS 保留? False; GR 保留? False; GC 保留? False
  (三者皆 False = 注释被静默丢弃，符合 round-trip caveat)

========================================================================
9. A2M/A3M 大小写编码 → 提取 match 列
========================================================================
A2M 原始序列：
  q: AC-EFGH
  hit1: ACdEFGH
提取 match 列（仅大写 + '-'）：
  q: AC-EFGH
  hit1: ACEFGH

========================================================================
10. 现代 Bio.Align API：Align.read / .counts / .substitutions
========================================================================
Align.read -> type Alignment, 4 条, 21 列
.counts() -> type AlignmentCounts
.substitutions -> type Array; 维度 (4, 4)

========================================================================
11. MAF 块坐标转换（maf_to_plus_strand_coords）
========================================================================
MAF 解析出 1 个 block
逐行注释（注意 strand 类型与源名字段）：
  rec.id='ref.chr1' annotations={'start': 0, 'size': 7, 'strand': 1, 'srcSize': 100}
  rec.id='qry.chr2' annotations={'start': 10, 'size': 7, 'strand': -1, 'srcSize': 50}
SKILL.md 原函数 maf_to_plus_strand_coords（strand == '-'）：
  ref.chr1: strand=1 -> plus_start=0  (期望 minus 行 = 93)
  qry.chr2: strand=-1 -> plus_start=10  (期望 minus 行 = 33)
修正版（兼容 int/-1）：
  ref.chr1: strand=1 -> plus_start=0
  qry.chr2: strand=-1 -> plus_start=33

========================================================================
12. pyhmmer.easel.MSAFile 流式（大 Stockholm 数据库）
========================================================================
pyhmmer 未安装 -> 流式读取演示无法真跑（诚实声明）。
  pip install pyhmmer 后可按 SKILL.md 示例流式处理 Pfam-A.full。

========================================================================
注释存活矩阵（供出图）
========================================================================
{
  "stockholm": {
    "GS": true,
    "GR": true,
    "GC": true,
    "written": true
  },
  "fasta": {
    "GS": false,
    "GR": false,
    "GC": false,
    "written": true
  },
  "clustal": {
    "GS": false,
    "GR": false,
    "GC": false,
    "written": true
  },
  "phylip-relaxed": {
    "GS": false,
    "GR": false,
    "GC": false,
    "written": true
  },
  "nexus": {
    "GS": true,
    "GR": false,
    "GC": false,
    "written": true
  }
}

009 复现完成。
