STAR version=                 2.7.11b
STAR compilation time,server,dir= :/opt/mambaforge/envs/bioconda/conda-bld/star_1763121632674/work/source
##### Command Line:
/Applications/anaconda3/envs/bioaligners/bin/STAR --runThreadN 4 --genomeDir star_index/ --outFileNamePrefix run_cat/ --readFilesIn reads_1.fq reads_2.fq --readFilesCommand /bin/cat --outSAMtype BAM SortedByCoordinate
##### Initial USER parameters from Command Line:
outFileNamePrefix                 run_cat/
###### All USER parameters from Command Line:
runThreadN                    4     ~RE-DEFINED
genomeDir                     star_index/     ~RE-DEFINED
outFileNamePrefix             run_cat/     ~RE-DEFINED
readFilesIn                   reads_1.fq   reads_2.fq        ~RE-DEFINED
readFilesCommand              /bin/cat        ~RE-DEFINED
outSAMtype                    BAM   SortedByCoordinate        ~RE-DEFINED
##### Finished reading parameters from all sources

##### Final user re-defined parameters-----------------:
runThreadN                        4
genomeDir                         star_index/
readFilesIn                       reads_1.fq   reads_2.fq   
readFilesCommand                  /bin/cat   
outFileNamePrefix                 run_cat/
outSAMtype                        BAM   SortedByCoordinate   

-------------------------------
##### Final effective command line:
/Applications/anaconda3/envs/bioaligners/bin/STAR   --runThreadN 4   --genomeDir star_index/   --readFilesIn reads_1.fq   reads_2.fq      --readFilesCommand /bin/cat      --outFileNamePrefix run_cat/   --outSAMtype BAM   SortedByCoordinate   
----------------------------------------

Number of fastq files for each mate = 1

   Input read files for mate 1 :
-rw-r--r--@ 1 zhangdiandian  staff  710940 Aug 27 18:36 reads_1.fq

   readsCommandsFile:
exec > "run_cat/_STARtmp/tmp.fifo.read1"
echo FILE 0
/bin/cat      "reads_1.fq"


EXITING: because of fatal EXECUTION error: Failed spawning readFilesCommand
2: No such file or directory

Aug 27 18:36:56 ...... FATAL ERROR, exiting
