[2m2026-09-03T12:26:06.932432Z[0m [32m INFO[0m [2mpiscem_rs::index::reference_index[0m[2m:[0m Loading SSHash dictionary from salmon_index/index.ssi
[2m2026-09-03T12:26:06.934489Z[0m [32m INFO[0m [2mpiscem_rs::index::reference_index[0m[2m:[0m   k=31, 24 strings
[2m2026-09-03T12:26:06.934504Z[0m [32m INFO[0m [2mpiscem_rs::index::reference_index[0m[2m:[0m Loading contig table from salmon_index/index.ctab
[2m2026-09-03T12:26:06.935313Z[0m [32m INFO[0m [2mpiscem_rs::index::reference_index[0m[2m:[0m   24 contigs, 24 entries, entry_width=18 bits
[2m2026-09-03T12:26:06.935325Z[0m [32m INFO[0m [2mpiscem_rs::index::reference_index[0m[2m:[0m Loading reference info from salmon_index/index.refinfo
[2m2026-09-03T12:26:06.935868Z[0m [32m INFO[0m [2mpiscem_rs::index::reference_index[0m[2m:[0m   24 references, max_ref_len=2920
[2m2026-09-03T12:26:06.936205Z[0m [32m INFO[0m [2mpiscem_rs::index::reference_index[0m[2m:[0m Loading equivalence class table from salmon_index/index.ectab
[2m2026-09-03T12:26:06.936778Z[0m [32m INFO[0m [2mpiscem_rs::index::reference_index[0m[2m:[0m   24 tiles, 24 ECs, 24 label entries
[2m2026-09-03T12:26:06.936942Z[0m [32m INFO[0m [2mpiscem_rs::index::reference_index[0m[2m:[0m   ref_shift=13, pos_mask=0xfff
[2m2026-09-03T12:26:06.939622Z[0m [32m INFO[0m [2msalmon::timing[0m[2m:[0m phase complete [3mphase[0m[2m=[0m"index_load" [3melapsed_s[0m[2m=[0m0.008811046
[2m2026-09-03T12:26:06.942877Z[0m [32m INFO[0m [2mpiscem_rs::io::calibrate[0m[2m:[0m using the serial decoder: 28 threads for 1 gzip input(s) is below the 50 threads per input needed before parallel decoding adds concurrency the serial path does not already have
[2m2026-09-03T12:26:06.943463Z[0m [32m INFO[0m [2msalmon_quant::decode[0m[2m:[0m thread execution plan [3mrequested_budget[0m[2m=[0m28 [3meffective_budget[0m[2m=[0m28 [3mmapping_threads[0m[2m=[0m28 [3mdecode_slots[0m[2m=[0m0 [3mparallel_decode[0m[2m=[0mfalse [3mreason[0m[2m=[0mPolicyDeclined
[2m2026-09-03T12:26:06.943477Z[0m [32m INFO[0m [2msalmon_quant[0m[2m:[0m mapping reads (selective-alignment mode, 28 threads)
[2m2026-09-03T12:26:06.991854Z[0m [32m INFO[0m [2msalmon_quant[0m[2m:[0m mapped 79751 / 80000 fragments (99.69%)
[2m2026-09-03T12:26:06.991873Z[0m [32m INFO[0m [2msalmon::timing[0m[2m:[0m phase complete [3mphase[0m[2m=[0m"mapping" [3melapsed_s[0m[2m=[0m0.052252374
[2m2026-09-03T12:26:06.991911Z[0m [32m INFO[0m [2msalmon::timing[0m[2m:[0m phase complete [3mphase[0m[2m=[0m"eff_length_collapse" [3melapsed_s[0m[2m=[0m3.8404e-5
[2m2026-09-03T12:26:06.997985Z[0m [32m INFO[0m [2msalmon::timing[0m[2m:[0m phase complete [3mphase[0m[2m=[0m"em_bias" [3melapsed_s[0m[2m=[0m0.006071028
[2m2026-09-03T12:26:06.998001Z[0m [32m INFO[0m [2msalmon::timing[0m[2m:[0m phase complete [3mphase[0m[2m=[0m"posterior" [3melapsed_s[0m[2m=[0m1.8908e-5
[2m2026-09-03T12:26:06.998007Z[0m [33m WARN[0m [2msalmon_quant[0m[2m:[0m specified library type 'IU' disagrees with the observed format 'SR' — check the -l strandedness setting
[2m2026-09-03T12:26:06.998052Z[0m [32m INFO[0m [2msalmon_quant[0m[2m:[0m writing results to quant_IU
[2m2026-09-03T12:26:07.001339Z[0m [33m WARN[0m [2msalmon_core::libtype[0m[2m:[0m found no concordant and consistent mappings; if this is a paired-end library, are you sure the reads are properly paired? See lib_format_counts.json for details
[2m2026-09-03T12:26:07.023236Z[0m [32m INFO[0m [2msalmon::timing[0m[2m:[0m phase complete [3mphase[0m[2m=[0m"output" [3melapsed_s[0m[2m=[0m0.025230858
[2m2026-09-03T12:26:07.023263Z[0m [32m INFO[0m [2msalmon[0m[2m:[0m deterministic: mapped 79751 / 80000 fragments (99.69%); quantifying from intermediate RAD
[2m2026-09-03T12:26:07.024367Z[0m [32m INFO[0m [2msalmon_align::rad[0m[2m:[0m quantifying from RAD (salmon SA), 24 references
[2m2026-09-03T12:26:07.024429Z[0m [32m INFO[0m [2msalmon_align::rad[0m[2m:[0m using fragment-length distribution baked in the RAD header
[2m2026-09-03T12:26:07.032731Z[0m [32m INFO[0m [2msalmon_align::rad[0m[2m:[0m mapped 79751 / 80000 fragments from RAD
[2m2026-09-03T12:26:07.032753Z[0m [32m INFO[0m [2msalmon::timing[0m[2m:[0m phase complete [3mphase[0m[2m=[0m"rad_read" [3melapsed_s[0m[2m=[0m0.009479916
[2m2026-09-03T12:26:07.083533Z[0m [32m INFO[0m [2msalmon::timing[0m[2m:[0m phase complete [3mphase[0m[2m=[0m"em_bias" [3melapsed_s[0m[2m=[0m0.05077626
[2m2026-09-03T12:26:07.083554Z[0m [32m INFO[0m [2msalmon::timing[0m[2m:[0m phase complete [3mphase[0m[2m=[0m"posterior" [3melapsed_s[0m[2m=[0m2.528e-5
[2m2026-09-03T12:26:07.083560Z[0m [33m WARN[0m [2msalmon_align::rad[0m[2m:[0m specified library type 'IU' disagrees with the observed format 'SR' — check the -l strandedness setting
[2m2026-09-03T12:26:07.085664Z[0m [33m WARN[0m [2msalmon_core::libtype[0m[2m:[0m found no concordant and consistent mappings; if this is a paired-end library, are you sure the reads are properly paired? See lib_format_counts.json for details
[2m2026-09-03T12:26:07.102440Z[0m [32m INFO[0m [2msalmon::timing[0m[2m:[0m phase complete [3mphase[0m[2m=[0m"output" [3melapsed_s[0m[2m=[0m0.01888232
[2m2026-09-03T12:26:07.102729Z[0m [32m INFO[0m [2msalmon[0m[2m:[0m 80000 fragments from intermediate RAD, 79751 quantified (99.69%); 24 equivalence classes
