# UMI-tools version: 1.1.6
# output generated by dedup -I sorted.bam -S dedup_cluster.bam --paired --method=cluster --log=dedup_cluster.log
# job started at Thu Sep  3 20:19:37 2026 on DESKTOP-N94BLO7 -- 52dae2f2-7071-472c-82c3-b5d510a1ded1
# pid: 814, system: Linux 6.18.33.2-microsoft-standard-WSL2 #1 SMP PREEMPT_DYNAMIC Thu Jun 18 21:54:43 UTC 2026 x86_64
# assigned_tag                            : None
# cell_tag                                : None
# cell_tag_delim                          : None
# cell_tag_split                          : -
# chimeric_pairs                          : use
# chrom                                   : None
# compresslevel                           : 6
# detection_method                        : None
# filter_umi                              : None
# gene_tag                                : None
# gene_transcript_map                     : None
# get_umi_method                          : read_id
# ignore_tlen                             : False
# ignore_umi                              : False
# in_sam                                  : False
# log2stderr                              : False
# loglevel                                : 1
# mapping_quality                         : 0
# method                                  : cluster
# no_sort_output                          : False
# out_sam                                 : False
# output_unmapped                         : False
# paired                                  : True
# per_cell                                : False
# per_contig                              : False
# per_gene                                : False
# random_seed                             : None
# read_length                             : False
# short_help                              : None
# skip_regex                              : ^(__|Unassigned)
# soft_clip_threshold                     : 4
# spliced                                 : False
# stats                                   : False
# stderr                                  : <_io.TextIOWrapper name='<stderr>' mode='w' encoding='utf-8'>
# stdin                                   : <_io.TextIOWrapper name='sorted.bam' mode='r' encoding='UTF-8'>
# stdlog                                  : <_io.TextIOWrapper name='dedup_cluster.log' mode='a' encoding='UTF-8'>
# stdout                                  : <_io.TextIOWrapper name='dedup_cluster.bam' mode='w' encoding='UTF-8'>
# subset                                  : None
# threshold                               : 1
# timeit_file                             : None
# timeit_header                           : None
# timeit_name                             : all
# tmpdir                                  : None
# umi_sep                                 : _
# umi_tag                                 : RX
# umi_tag_delim                           : None
# umi_tag_split                           : None
# umi_whitelist                           : None
# umi_whitelist_paired                    : None
# unmapped_reads                          : discard
# unpaired_reads                          : use
# whole_contig                            : False
2026-09-03 20:19:37,035 WARNING Chimeric read pairs are being used. Some read pair UMIs may be grouped/deduplicated using just the mapping coordinates from read1.This may also increase the run time and memory usage. Consider --chimeric-pairs==discard to discard these reads or --chimeric-pairs==output (group command only) to output them without grouping
2026-09-03 20:19:37,036 WARNING Unpaired read pairs are being used. Some read pair UMIs may be grouped/deduplicated using just the mapping coordinates from read1.This may also increase the run time and memory usage. Consider --unpared-reads==discard to discard these reads or --unpared-reads==output (group command only) to output them without grouping
2026-09-03 20:19:37,036 INFO command: dedup -I sorted.bam -S dedup_cluster.bam --paired --method=cluster --log=dedup_cluster.log
2026-09-03 20:19:37,428 INFO Searching for mates for 0 unmatched alignments
2026-09-03 20:19:37,429 INFO 0 mates never found
2026-09-03 20:19:37,463 INFO Reads: Input Reads: 16445, Read pairs: 16445
2026-09-03 20:19:37,463 INFO Number of reads out: 5891
2026-09-03 20:19:37,464 INFO Total number of positions deduplicated: 5340
2026-09-03 20:19:37,464 INFO Mean number of unique UMIs per position: 1.32
2026-09-03 20:19:37,465 INFO Max. number of unique UMIs per position: 7
# job finished in 0 seconds at Thu Sep  3 20:19:37 2026 --  2.87  0.08  0.00  0.00 -- 52dae2f2-7071-472c-82c3-b5d510a1ded1
