# UMI-tools version: 1.1.6
# output generated by extract --stdin=R1.fq.gz --read2-in=R2.fq.gz --stdout=R1_umi.fq.gz --read2-out=R2_umi.fq.gz --bc-pattern=NNNNNNNNNNNN --log=extract.log
# job started at Thu Sep  3 20:19:31 2026 on DESKTOP-N94BLO7 -- 2111bbc9-ee93-4e87-8ef1-98a0f3b4bc51
# pid: 588, system: Linux 6.18.33.2-microsoft-standard-WSL2 #1 SMP PREEMPT_DYNAMIC Thu Jun 18 21:54:43 UTC 2026 x86_64
# blacklist                               : None
# compresslevel                           : 6
# correct_umi_threshold                   : 0
# either_read                             : False
# either_read_resolve                     : discard
# error_correct_cell                      : False
# extract_method                          : string
# filter_cell_barcode                     : None
# filter_cell_barcodes                    : False
# filter_umi                              : None
# filtered_out                            : None
# filtered_out2                           : None
# ignore_suffix                           : False
# log2stderr                              : False
# loglevel                                : 1
# pattern                                 : NNNNNNNNNNNN
# pattern2                                : None
# prime3                                  : None
# quality_encoding                        : None
# quality_filter_mask                     : None
# quality_filter_threshold                : None
# random_seed                             : None
# read2_in                                : R2.fq.gz
# read2_only                              : False
# read2_out                               : R2_umi.fq.gz
# read2_stdout                            : False
# reads_subset                            : None
# reconcile                               : False
# retain_umi                              : None
# short_help                              : None
# stderr                                  : <_io.TextIOWrapper name='<stderr>' mode='w' encoding='utf-8'>
# stdin                                   : <_io.TextIOWrapper name='R1.fq.gz' encoding='ascii'>
# stdlog                                  : <_io.TextIOWrapper name='extract.log' mode='a' encoding='UTF-8'>
# stdout                                  : <_io.TextIOWrapper name='R1_umi.fq.gz' encoding='ascii'>
# timeit_file                             : None
# timeit_header                           : None
# timeit_name                             : all
# tmpdir                                  : None
# umi_correct_log                         : None
# umi_separator                           : _
# umi_whitelist                           : None
# umi_whitelist_paired                    : None
# whitelist                               : None
2026-09-03 20:19:31,152 INFO Starting barcode extraction
2026-09-03 20:19:31,553 INFO Input Reads: 16445
2026-09-03 20:19:31,554 INFO Reads output: 16445
# job finished in 0 seconds at Thu Sep  3 20:19:31 2026 --  2.93  0.14  0.00  0.00 -- 2111bbc9-ee93-4e87-8ef1-98a0f3b4bc51
