Channels:
 - conda-forge
 - bioconda
Platform: linux-64
Collecting package metadata (repodata.json): ...working... done
Solving environment: ...working... done

## Package Plan ##

  environment location: /opt/miniconda3/envs/umi-py313

  added / updated specs:
    - python=3.13


The following NEW packages will be INSTALLED:

  _openmp_mutex      conda-forge/linux-64::_openmp_mutex-4.5-20_gnu 
  bzip2              conda-forge/linux-64::bzip2-1.0.8-hda65f42_10 
  ca-certificates    conda-forge/noarch::ca-certificates-2026.7.22-hbd8a1cb_0 
  icu                conda-forge/linux-64::icu-78.3-py310h44b86e0_2 
  ld_impl_linux-64   conda-forge/linux-64::ld_impl_linux-64-2.46.1-default_hbd61a6d_102 
  libexpat           conda-forge/linux-64::libexpat-2.8.1-hecca717_1 
  libffi             conda-forge/linux-64::libffi-3.7.0-h81df57d_1 
  libgcc             conda-forge/linux-64::libgcc-16.2.0-ha9f2e26_4 
  libgomp            conda-forge/linux-64::libgomp-16.2.0-he0feb66_4 
  liblzma            conda-forge/linux-64::liblzma-5.8.3-hb03c661_1 
  libmpdec           conda-forge/linux-64::libmpdec-4.0.0-hb03c661_2 
  libpython          conda-forge/linux-64::libpython-3.13.15-hdc7f604_103_cp313 
  libsqlite          conda-forge/linux-64::libsqlite-3.53.4-h13e7031_1 
  libstdcxx          conda-forge/linux-64::libstdcxx-16.2.0-h934c35e_4 
  libuuid            conda-forge/linux-64::libuuid-2.42.3-hcfc3c73_0 
  libzlib            conda-forge/linux-64::libzlib-1.3.2-h25fd6f3_3 
  ncurses            conda-forge/linux-64::ncurses-6.6-hdb14827_1 
  openssl            conda-forge/linux-64::openssl-3.6.4-h781a0a9_0 
  pip                conda-forge/noarch::pip-26.2.1-pyh145f28c_0 
  python             conda-forge/linux-64::python-3.13.15-hf47f18c_103_cp313 
  python_abi         conda-forge/noarch::python_abi-3.13-9_cp313 
  readline           conda-forge/linux-64::readline-8.3-hd6e31c0_1 
  tk                 conda-forge/linux-64::tk-8.6.13-noxft_h1df4ec4_4 
  tzdata             conda-forge/noarch::tzdata-2026c-h151e31d_0 
  zstd               conda-forge/linux-64::zstd-1.5.7-hb78ec9c_7 



Downloading and Extracting Packages: ...working... done
Preparing transaction: ...working... done
Verifying transaction: ...working... done
Executing transaction: ...working... done
WARNING conda.conda_pypi.main:notify_externally_managed_future(156): 
  Did you know? You can install many PyPI packages with conda
  using the conda-pypi beta. Get started:
    https://docs.conda.io/projects/conda/en/stable/new-features.html

#
# To activate this environment, use
#
#     $ conda activate umi-py313
#
# To deactivate an active environment, use
#
#     $ conda deactivate

