STAR version=                 2.7.11b
STAR compilation time,server,dir= :/opt/mambaforge/envs/bioconda/conda-bld/star_1763121632674/work/source
##### Command Line:
/Applications/anaconda3/envs/bioaligners/bin/STAR --runThreadN 4 --genomeDir /Users/zhangdiandian/RedBook/content/素材/014-star-alignment/star_index --outFileNamePrefix /Users/zhangdiandian/RedBook/content/素材/014-star-alignment/run_final/ --readFilesIn /Users/zhangdiandian/RedBook/content/素材/014-star-alignment/reads_1.fq /Users/zhangdiandian/RedBook/content/素材/014-star-alignment/reads_2.fq --outSAMtype BAM SortedByCoordinate --twopassMode Basic --quantMode GeneCounts --outSAMattrRGline ID:sample1 SM:sample1 PL:ILLUMINA LB:lib1
##### Initial USER parameters from Command Line:
outFileNamePrefix                 /Users/zhangdiandian/RedBook/content/素材/014-star-alignment/run_final/
###### All USER parameters from Command Line:
runThreadN                    4     ~RE-DEFINED
genomeDir                     /Users/zhangdiandian/RedBook/content/素材/014-star-alignment/star_index     ~RE-DEFINED
outFileNamePrefix             /Users/zhangdiandian/RedBook/content/素材/014-star-alignment/run_final/     ~RE-DEFINED
readFilesIn                   /Users/zhangdiandian/RedBook/content/素材/014-star-alignment/reads_1.fq   /Users/zhangdiandian/RedBook/content/素材/014-star-alignment/reads_2.fq        ~RE-DEFINED
outSAMtype                    BAM   SortedByCoordinate        ~RE-DEFINED
twopassMode                   Basic     ~RE-DEFINED
quantMode                     GeneCounts        ~RE-DEFINED
outSAMattrRGline              ID:sample1   SM:sample1   PL:ILLUMINA   LB:lib1        ~RE-DEFINED
##### Finished reading parameters from all sources

##### Final user re-defined parameters-----------------:
runThreadN                        4
genomeDir                         /Users/zhangdiandian/RedBook/content/素材/014-star-alignment/star_index
readFilesIn                       /Users/zhangdiandian/RedBook/content/素材/014-star-alignment/reads_1.fq   /Users/zhangdiandian/RedBook/content/素材/014-star-alignment/reads_2.fq   
outFileNamePrefix                 /Users/zhangdiandian/RedBook/content/素材/014-star-alignment/run_final/
outSAMtype                        BAM   SortedByCoordinate   
outSAMattrRGline                  ID:sample1   SM:sample1   PL:ILLUMINA   LB:lib1   
quantMode                         GeneCounts   
twopassMode                       Basic

-------------------------------
##### Final effective command line:
/Applications/anaconda3/envs/bioaligners/bin/STAR   --runThreadN 4   --genomeDir /Users/zhangdiandian/RedBook/content/素材/014-star-alignment/star_index   --readFilesIn /Users/zhangdiandian/RedBook/content/素材/014-star-alignment/reads_1.fq   /Users/zhangdiandian/RedBook/content/素材/014-star-alignment/reads_2.fq      --outFileNamePrefix /Users/zhangdiandian/RedBook/content/素材/014-star-alignment/run_final/   --outSAMtype BAM   SortedByCoordinate      --outSAMattrRGline ID:sample1   SM:sample1   PL:ILLUMINA   LB:lib1      --quantMode GeneCounts      --twopassMode Basic
----------------------------------------

Number of fastq files for each mate = 1
WARNING --outSAMattrRG defines a read group, therefore STAR will output RG attribute
ParametersSolo: --soloCellFilterType CellRanger2.2 filtering parameters:  3000 0.99 10
WARNING: --limitBAMsortRAM=0, will use genome size as RAM limit for BAM sorting
Finished loading and checking parameters
Reading genome generation parameters:
### /Applications/anaconda3/envs/bioaligners/bin/STAR   --runMode genomeGenerate      --runThreadN 4   --genomeDir /Users/zhangdiandian/RedBook/content/素材/014-star-alignment/star_index   --genomeFastaFiles /Users/zhangdiandian/RedBook/content/素材/014-star-alignment/reference.fa      --genomeSAindexNbases 5   --outFileNamePrefix /Users/zhangdiandian/RedBook/content/素材/014-star-alignment/star_index/genomeGenerate_   --sjdbGTFfile /Users/zhangdiandian/RedBook/content/素材/014-star-alignment/annotation.gtf   --sjdbOverhang 99
### GstrandBit=32
versionGenome                 2.7.4a     ~RE-DEFINED
genomeType                    Full     ~RE-DEFINED
genomeFastaFiles              /Users/zhangdiandian/RedBook/content/素材/014-star-alignment/reference.fa        ~RE-DEFINED
genomeSAindexNbases           5     ~RE-DEFINED
genomeChrBinNbits             18     ~RE-DEFINED
genomeSAsparseD               1     ~RE-DEFINED
genomeTransformType           None     ~RE-DEFINED
genomeTransformVCF            -     ~RE-DEFINED
sjdbOverhang                  99     ~RE-DEFINED
sjdbFileChrStartEnd           -        ~RE-DEFINED
sjdbGTFfile                   /Users/zhangdiandian/RedBook/content/素材/014-star-alignment/annotation.gtf     ~RE-DEFINED
sjdbGTFchrPrefix              -     ~RE-DEFINED
sjdbGTFfeatureExon            exon     ~RE-DEFINED
sjdbGTFtagExonParentTranscripttranscript_id     ~RE-DEFINED
sjdbGTFtagExonParentGene      gene_id     ~RE-DEFINED
sjdbInsertSave                Basic     ~RE-DEFINED
genomeFileSizes               1048775   108887        ~RE-DEFINED
Genome version is compatible with current STAR
Number of real (reference) chromosomes= 4
1	chr1	4000	0
2	chr2	3000	262144
3	chr3	3000	524288
4	chr4	3000	786432
--sjdbOverhang = 99 taken from the generated genome
Started loading the genome: Thu Aug 27 18:51:36 2026

Genome: size given as a parameter = 1048775
SA: size given as a parameter = 108887
SAindex: size given as a parameter = 1
Read from SAindex: pGe.gSAindexNbases=5  nSAi=1364
nGenome=1048775;  nSAbyte=108887
GstrandBit=32   SA number of indices=26396
Shared memory is not used for genomes. Allocated a private copy of the genome.
Genome file size: 1048775 bytes; state: good=1 eof=0 fail=0 bad=0
Loading Genome ... done! state: good=1 eof=0 fail=0 bad=0; loaded 1048775 bytes
SA file size: 108887 bytes; state: good=1 eof=0 fail=0 bad=0
Loading SA ... done! state: good=1 eof=0 fail=0 bad=0; loaded 108887 bytes
Loading SAindex ... done: 6027 bytes
Finished loading the genome: Thu Aug 27 18:51:36 2026

Processing splice junctions database sjdbN=1,   pGe.sjdbOverhang=99 
alignIntronMax=alignMatesGapMax=0, the max intron size will be approximately determined by (2^winBinNbits)*winAnchorDistNbins=589824
Created thread # 1
Created thread # 2
Created thread # 3
Thread #1 end of input stream, nextChar=-1
Completed: thread #1
Completed: thread #3
Completed: thread #2
Completed: thread #0
Joined thread # 1
Joined thread # 2
Joined thread # 3
Aug 27 18:51:36   Loaded database junctions from the generated genome /Users/zhangdiandian/RedBook/content/素材/014-star-alignment/star_index//sjdbList.out.tab: 1 total junctions

Aug 27 18:51:36   Loaded database junctions from the 1st pass file: /Users/zhangdiandian/RedBook/content/素材/014-star-alignment/run_final/_STARpass1//SJ.out.tab: 1 total junctions

Aug 27 18:51:36   Finished preparing junctions
Aug 27 18:51:36 ..... inserting junctions into the genome indices
Aug 27 18:51:36   Finished SA search: number of new junctions=0, old junctions=1
Aug 27 18:51:36   Finished sorting SA indicesL nInd=0
Genome size with junctions=1048775  1048576   199
GstrandBit1=32   GstrandBit=32
Aug 27 18:51:36   Finished inserting junction indices
Aug 27 18:51:36   Finished SAi
Aug 27 18:51:36 ..... finished inserting junctions into genome

Transcriptome.cpp:18:Transcriptome: exiting because of *INPUT FILE* error: could not open input file /geneInfo.tab
Solution: check that the file exists and you have read permission for this file
          SOLUTION: utilize --sjdbGTFfile /path/to/annotations.gtf option at the genome generation step or mapping step

Aug 27 18:51:36 ...... FATAL ERROR, exiting
